  main.cpp
C:\Program Files\Microsoft Visual Studio\2022\Community\VC\Tools\MSVC\14.41.34120\include\optional(11): warning STL4038: The contents of <optional> are available only with C++17 or later.
C:\Users\vkutergi\source\Algebra_of_polinomials\laba1\LAB1\main.cpp(9,13): warning C4566: character represented by universal-character-name '\u041C' cannot be represented in the current code page (1252)
C:\Users\vkutergi\source\Algebra_of_polinomials\laba1\LAB1\main.cpp(9,13): warning C4566: character represented by universal-character-name '\u0415' cannot be represented in the current code page (1252)
C:\Users\vkutergi\source\Algebra_of_polinomials\laba1\LAB1\main.cpp(9,13): warning C4566: character represented by universal-character-name '\u041D' cannot be represented in the current code page (1252)
C:\Users\vkutergi\source\Algebra_of_polinomials\laba1\LAB1\main.cpp(9,13): warning C4566: character represented by universal-character-name '\u042E' cannot be represented in the current code page (1252)
C:\Users\vkutergi\source\Algebra_of_polinomials\laba1\LAB1\main.cpp(9,13): warning C4566: character represented by universal-character-name '\u0423' cannot be represented in the current code page (1252)
C:\Users\vkutergi\source\Algebra_of_polinomials\laba1\LAB1\main.cpp(9,13): warning C4566: character represented by universal-character-name '\u041F' cannot be represented in the current code page (1252)
C:\Users\vkutergi\source\Algebra_of_polinomials\laba1\LAB1\main.cpp(9,13): warning C4566: character represented by universal-character-name '\u0420' cannot be represented in the current code page (1252)
C:\Users\vkutergi\source\Algebra_of_polinomials\laba1\LAB1\main.cpp(9,13): warning C4566: character represented by universal-character-name '\u0410' cannot be represented in the current code page (1252)
C:\Users\vkutergi\source\Algebra_of_polinomials\laba1\LAB1\main.cpp(9,13): warning C4566: character represented by universal-character-name '\u0412' cannot be represented in the current code page (1252)
C:\Users\vkutergi\source\Algebra_of_polinomials\laba1\LAB1\main.cpp(9,13): warning C4566: character represented by universal-character-name '\u041B' cannot be represented in the current code page (1252)
C:\Users\vkutergi\source\Algebra_of_polinomials\laba1\LAB1\main.cpp(9,13): warning C4566: character represented by universal-character-name '\u0418' cannot be represented in the current code page (1252)
C:\Users\vkutergi\source\Algebra_of_polinomials\laba1\LAB1\main.cpp(9,13): warning C4566: character represented by universal-character-name '\u042F' cannot be represented in the current code page (1252)
C:\Users\vkutergi\source\Algebra_of_polinomials\laba1\LAB1\main.cpp(9,13): warning C4566: character represented by universal-character-name '\u041E' cannot be represented in the current code page (1252)
C:\Users\vkutergi\source\Algebra_of_polinomials\laba1\LAB1\main.cpp(10,13): warning C4566: character represented by universal-character-name '\u0412' cannot be represented in the current code page (1252)
C:\Users\vkutergi\source\Algebra_of_polinomials\laba1\LAB1\main.cpp(10,13): warning C4566: character represented by universal-character-name '\u044B' cannot be represented in the current code page (1252)
C:\Users\vkutergi\source\Algebra_of_polinomials\laba1\LAB1\main.cpp(10,13): warning C4566: character represented by universal-character-name '\u0431' cannot be represented in the current code page (1252)
C:\Users\vkutergi\source\Algebra_of_polinomials\laba1\LAB1\main.cpp(10,13): warning C4566: character represented by universal-character-name '\u0440' cannot be represented in the current code page (1252)
C:\Users\vkutergi\source\Algebra_of_polinomials\laba1\LAB1\main.cpp(10,13): warning C4566: character represented by universal-character-name '\u0430' cannot be represented in the current code page (1252)
C:\Users\vkutergi\source\Algebra_of_polinomials\laba1\LAB1\main.cpp(10,13): warning C4566: character represented by universal-character-name '\u0442' cannot be represented in the current code page (1252)
C:\Users\vkutergi\source\Algebra_of_polinomials\laba1\LAB1\main.cpp(10,13): warning C4566: character represented by universal-character-name '\u044C' cannot be represented in the current code page (1252)
C:\Users\vkutergi\source\Algebra_of_polinomials\laba1\LAB1\main.cpp(10,13): warning C4566: character represented by universal-character-name '\u043A' cannot be represented in the current code page (1252)
C:\Users\vkutergi\source\Algebra_of_polinomials\laba1\LAB1\main.cpp(10,13): warning C4566: character represented by universal-character-name '\u0438' cannot be represented in the current code page (1252)
C:\Users\vkutergi\source\Algebra_of_polinomials\laba1\LAB1\main.cpp(10,13): warning C4566: character represented by universal-character-name '\u0432' cannot be represented in the current code page (1252)
C:\Users\vkutergi\source\Algebra_of_polinomials\laba1\LAB1\main.cpp(10,13): warning C4566: character represented by universal-character-name '\u043D' cannot be represented in the current code page (1252)
C:\Users\vkutergi\source\Algebra_of_polinomials\laba1\LAB1\main.cpp(10,13): warning C4566: character represented by universal-character-name '\u0443' cannot be represented in the current code page (1252)
C:\Users\vkutergi\source\Algebra_of_polinomials\laba1\LAB1\main.cpp(10,13): warning C4566: character represented by universal-character-name '\u044E' cannot be represented in the current code page (1252)
C:\Users\vkutergi\source\Algebra_of_polinomials\laba1\LAB1\main.cpp(10,13): warning C4566: character represented by universal-character-name '\u043B' cannot be represented in the current code page (1252)
C:\Users\vkutergi\source\Algebra_of_polinomials\laba1\LAB1\main.cpp(10,13): warning C4566: character represented by universal-character-name '\u0446' cannot be represented in the current code page (1252)
C:\Users\vkutergi\source\Algebra_of_polinomials\laba1\LAB1\main.cpp(11,13): warning C4566: character represented by universal-character-name '\u0412' cannot be represented in the current code page (1252)
C:\Users\vkutergi\source\Algebra_of_polinomials\laba1\LAB1\main.cpp(11,13): warning C4566: character represented by universal-character-name '\u044B' cannot be represented in the current code page (1252)
C:\Users\vkutergi\source\Algebra_of_polinomials\laba1\LAB1\main.cpp(11,13): warning C4566: character represented by universal-character-name '\u0432' cannot be represented in the current code page (1252)
C:\Users\vkutergi\source\Algebra_of_polinomials\laba1\LAB1\main.cpp(11,13): warning C4566: character represented by universal-character-name '\u0435' cannot be represented in the current code page (1252)
C:\Users\vkutergi\source\Algebra_of_polinomials\laba1\LAB1\main.cpp(11,13): warning C4566: character represented by universal-character-name '\u0441' cannot be represented in the current code page (1252)
C:\Users\vkutergi\source\Algebra_of_polinomials\laba1\LAB1\main.cpp(11,13): warning C4566: character represented by universal-character-name '\u0442' cannot be represented in the current code page (1252)
C:\Users\vkutergi\source\Algebra_of_polinomials\laba1\LAB1\main.cpp(11,13): warning C4566: character represented by universal-character-name '\u0438' cannot be represented in the current code page (1252)
C:\Users\vkutergi\source\Algebra_of_polinomials\laba1\LAB1\main.cpp(11,13): warning C4566: character represented by universal-character-name '\u043E' cannot be represented in the current code page (1252)
C:\Users\vkutergi\source\Algebra_of_polinomials\laba1\LAB1\main.cpp(11,13): warning C4566: character represented by universal-character-name '\u0434' cannot be represented in the current code page (1252)
C:\Users\vkutergi\source\Algebra_of_polinomials\laba1\LAB1\main.cpp(11,13): warning C4566: character represented by universal-character-name '\u0440' cannot be represented in the current code page (1252)
C:\Users\vkutergi\source\Algebra_of_polinomials\laba1\LAB1\main.cpp(11,13): warning C4566: character represented by universal-character-name '\u0436' cannot be represented in the current code page (1252)
C:\Users\vkutergi\source\Algebra_of_polinomials\laba1\LAB1\main.cpp(11,13): warning C4566: character represented by universal-character-name '\u043C' cannot be represented in the current code page (1252)
C:\Users\vkutergi\source\Algebra_of_polinomials\laba1\LAB1\main.cpp(11,13): warning C4566: character represented by universal-character-name '\u0430' cannot be represented in the current code page (1252)
C:\Users\vkutergi\source\Algebra_of_polinomials\laba1\LAB1\main.cpp(11,13): warning C4566: character represented by universal-character-name '\u043A' cannot be represented in the current code page (1252)
C:\Users\vkutergi\source\Algebra_of_polinomials\laba1\LAB1\main.cpp(11,13): warning C4566: character represented by universal-character-name '\u043D' cannot be represented in the current code page (1252)
C:\Users\vkutergi\source\Algebra_of_polinomials\laba1\LAB1\main.cpp(11,13): warning C4566: character represented by universal-character-name '\u0439' cannot be represented in the current code page (1252)
C:\Users\vkutergi\source\Algebra_of_polinomials\laba1\LAB1\main.cpp(11,13): warning C4566: character represented by universal-character-name '\u0431' cannot be represented in the current code page (1252)
C:\Users\vkutergi\source\Algebra_of_polinomials\laba1\LAB1\main.cpp(11,13): warning C4566: character represented by universal-character-name '\u043B' cannot be represented in the current code page (1252)
C:\Users\vkutergi\source\Algebra_of_polinomials\laba1\LAB1\main.cpp(11,13): warning C4566: character represented by universal-character-name '\u0446' cannot be represented in the current code page (1252)
C:\Users\vkutergi\source\Algebra_of_polinomials\laba1\LAB1\main.cpp(12,13): warning C4566: character represented by universal-character-name '\u0414' cannot be represented in the current code page (1252)
C:\Users\vkutergi\source\Algebra_of_polinomials\laba1\LAB1\main.cpp(12,13): warning C4566: character represented by universal-character-name '\u043E' cannot be represented in the current code page (1252)
C:\Users\vkutergi\source\Algebra_of_polinomials\laba1\LAB1\main.cpp(12,13): warning C4566: character represented by universal-character-name '\u0431' cannot be represented in the current code page (1252)
C:\Users\vkutergi\source\Algebra_of_polinomials\laba1\LAB1\main.cpp(12,13): warning C4566: character represented by universal-character-name '\u0430' cannot be represented in the current code page (1252)
C:\Users\vkutergi\source\Algebra_of_polinomials\laba1\LAB1\main.cpp(12,13): warning C4566: character represented by universal-character-name '\u0432' cannot be represented in the current code page (1252)
C:\Users\vkutergi\source\Algebra_of_polinomials\laba1\LAB1\main.cpp(12,13): warning C4566: character represented by universal-character-name '\u0438' cannot be represented in the current code page (1252)
C:\Users\vkutergi\source\Algebra_of_polinomials\laba1\LAB1\main.cpp(12,13): warning C4566: character represented by universal-character-name '\u0442' cannot be represented in the current code page (1252)
C:\Users\vkutergi\source\Algebra_of_polinomials\laba1\LAB1\main.cpp(12,13): warning C4566: character represented by universal-character-name '\u044C' cannot be represented in the current code page (1252)
C:\Users\vkutergi\source\Algebra_of_polinomials\laba1\LAB1\main.cpp(12,13): warning C4566: character represented by universal-character-name '\u043F' cannot be represented in the current code page (1252)
C:\Users\vkutergi\source\Algebra_of_polinomials\laba1\LAB1\main.cpp(12,13): warning C4566: character represented by universal-character-name '\u043B' cannot be represented in the current code page (1252)
C:\Users\vkutergi\source\Algebra_of_polinomials\laba1\LAB1\main.cpp(12,13): warning C4566: character represented by universal-character-name '\u043D' cannot be represented in the current code page (1252)
C:\Users\vkutergi\source\Algebra_of_polinomials\laba1\LAB1\main.cpp(12,13): warning C4566: character represented by universal-character-name '\u043C' cannot be represented in the current code page (1252)
C:\Users\vkutergi\source\Algebra_of_polinomials\laba1\LAB1\main.cpp(12,13): warning C4566: character represented by universal-character-name '\u0446' cannot be represented in the current code page (1252)
C:\Users\vkutergi\source\Algebra_of_polinomials\laba1\LAB1\main.cpp(12,13): warning C4566: character represented by universal-character-name '\u044B' cannot be represented in the current code page (1252)
C:\Users\vkutergi\source\Algebra_of_polinomials\laba1\LAB1\main.cpp(13,13): warning C4566: character represented by universal-character-name '\u0423' cannot be represented in the current code page (1252)
C:\Users\vkutergi\source\Algebra_of_polinomials\laba1\LAB1\main.cpp(13,13): warning C4566: character represented by universal-character-name '\u0434' cannot be represented in the current code page (1252)
C:\Users\vkutergi\source\Algebra_of_polinomials\laba1\LAB1\main.cpp(13,13): warning C4566: character represented by universal-character-name '\u0430' cannot be represented in the current code page (1252)
C:\Users\vkutergi\source\Algebra_of_polinomials\laba1\LAB1\main.cpp(13,13): warning C4566: character represented by universal-character-name '\u043B' cannot be represented in the current code page (1252)
C:\Users\vkutergi\source\Algebra_of_polinomials\laba1\LAB1\main.cpp(13,13): warning C4566: character represented by universal-character-name '\u0438' cannot be represented in the current code page (1252)
C:\Users\vkutergi\source\Algebra_of_polinomials\laba1\LAB1\main.cpp(13,13): warning C4566: character represented by universal-character-name '\u0442' cannot be represented in the current code page (1252)
C:\Users\vkutergi\source\Algebra_of_polinomials\laba1\LAB1\main.cpp(13,13): warning C4566: character represented by universal-character-name '\u044C' cannot be represented in the current code page (1252)
C:\Users\vkutergi\source\Algebra_of_polinomials\laba1\LAB1\main.cpp(13,13): warning C4566: character represented by universal-character-name '\u043F' cannot be represented in the current code page (1252)
C:\Users\vkutergi\source\Algebra_of_polinomials\laba1\LAB1\main.cpp(13,13): warning C4566: character represented by universal-character-name '\u043E' cannot be represented in the current code page (1252)
C:\Users\vkutergi\source\Algebra_of_polinomials\laba1\LAB1\main.cpp(13,13): warning C4566: character represented by universal-character-name '\u043D' cannot be represented in the current code page (1252)
C:\Users\vkutergi\source\Algebra_of_polinomials\laba1\LAB1\main.cpp(13,13): warning C4566: character represented by universal-character-name '\u043C' cannot be represented in the current code page (1252)
C:\Users\vkutergi\source\Algebra_of_polinomials\laba1\LAB1\main.cpp(13,13): warning C4566: character represented by universal-character-name '\u043A' cannot be represented in the current code page (1252)
C:\Users\vkutergi\source\Algebra_of_polinomials\laba1\LAB1\main.cpp(13,13): warning C4566: character represented by universal-character-name '\u044E' cannot be represented in the current code page (1252)
C:\Users\vkutergi\source\Algebra_of_polinomials\laba1\LAB1\main.cpp(13,13): warning C4566: character represented by universal-character-name '\u0447' cannot be represented in the current code page (1252)
C:\Users\vkutergi\source\Algebra_of_polinomials\laba1\LAB1\main.cpp(13,13): warning C4566: character represented by universal-character-name '\u0443' cannot be represented in the current code page (1252)
C:\Users\vkutergi\source\Algebra_of_polinomials\laba1\LAB1\main.cpp(14,13): warning C4566: character represented by universal-character-name '\u0412' cannot be represented in the current code page (1252)
C:\Users\vkutergi\source\Algebra_of_polinomials\laba1\LAB1\main.cpp(14,13): warning C4566: character represented by universal-character-name '\u044B' cannot be represented in the current code page (1252)
C:\Users\vkutergi\source\Algebra_of_polinomials\laba1\LAB1\main.cpp(14,13): warning C4566: character represented by universal-character-name '\u0447' cannot be represented in the current code page (1252)
C:\Users\vkutergi\source\Algebra_of_polinomials\laba1\LAB1\main.cpp(14,13): warning C4566: character represented by universal-character-name '\u0438' cannot be represented in the current code page (1252)
C:\Users\vkutergi\source\Algebra_of_polinomials\laba1\LAB1\main.cpp(14,13): warning C4566: character represented by universal-character-name '\u0441' cannot be represented in the current code page (1252)
C:\Users\vkutergi\source\Algebra_of_polinomials\laba1\LAB1\main.cpp(14,13): warning C4566: character represented by universal-character-name '\u043B' cannot be represented in the current code page (1252)
C:\Users\vkutergi\source\Algebra_of_polinomials\laba1\LAB1\main.cpp(14,13): warning C4566: character represented by universal-character-name '\u0442' cannot be represented in the current code page (1252)
C:\Users\vkutergi\source\Algebra_of_polinomials\laba1\LAB1\main.cpp(14,13): warning C4566: character represented by universal-character-name '\u044C' cannot be represented in the current code page (1252)
C:\Users\vkutergi\source\Algebra_of_polinomials\laba1\LAB1\main.cpp(14,13): warning C4566: character represented by universal-character-name '\u043E' cannot be represented in the current code page (1252)
C:\Users\vkutergi\source\Algebra_of_polinomials\laba1\LAB1\main.cpp(14,13): warning C4566: character represented by universal-character-name '\u0445' cannot be represented in the current code page (1252)
C:\Users\vkutergi\source\Algebra_of_polinomials\laba1\LAB1\main.cpp(14,13): warning C4566: character represented by universal-character-name '\u0440' cannot be represented in the current code page (1252)
C:\Users\vkutergi\source\Algebra_of_polinomials\laba1\LAB1\main.cpp(14,13): warning C4566: character represented by universal-character-name '\u0430' cannot be represented in the current code page (1252)
C:\Users\vkutergi\source\Algebra_of_polinomials\laba1\LAB1\main.cpp(14,13): warning C4566: character represented by universal-character-name '\u043D' cannot be represented in the current code page (1252)
C:\Users\vkutergi\source\Algebra_of_polinomials\laba1\LAB1\main.cpp(14,13): warning C4566: character represented by universal-character-name '\u043F' cannot be represented in the current code page (1252)
C:\Users\vkutergi\source\Algebra_of_polinomials\laba1\LAB1\main.cpp(14,13): warning C4566: character represented by universal-character-name '\u043C' cannot be represented in the current code page (1252)
C:\Users\vkutergi\source\Algebra_of_polinomials\laba1\LAB1\main.cpp(14,13): warning C4566: character represented by universal-character-name '\u0435' cannot be represented in the current code page (1252)
C:\Users\vkutergi\source\Algebra_of_polinomials\laba1\LAB1\main.cpp(14,13): warning C4566: character represented by universal-character-name '\u0432' cannot be represented in the current code page (1252)
C:\Users\vkutergi\source\Algebra_of_polinomials\laba1\LAB1\main.cpp(14,13): warning C4566: character represented by universal-character-name '\u0436' cannot be represented in the current code page (1252)
C:\Users\vkutergi\source\Algebra_of_polinomials\laba1\LAB1\main.cpp(15,13): warning C4566: character represented by universal-character-name '\u0412' cannot be represented in the current code page (1252)
C:\Users\vkutergi\source\Algebra_of_polinomials\laba1\LAB1\main.cpp(15,13): warning C4566: character represented by universal-character-name '\u0437' cannot be represented in the current code page (1252)
C:\Users\vkutergi\source\Algebra_of_polinomials\laba1\LAB1\main.cpp(15,13): warning C4566: character represented by universal-character-name '\u044F' cannot be represented in the current code page (1252)
C:\Users\vkutergi\source\Algebra_of_polinomials\laba1\LAB1\main.cpp(15,13): warning C4566: character represented by universal-character-name '\u0442' cannot be represented in the current code page (1252)
C:\Users\vkutergi\source\Algebra_of_polinomials\laba1\LAB1\main.cpp(15,13): warning C4566: character represented by universal-character-name '\u044C' cannot be represented in the current code page (1252)
C:\Users\vkutergi\source\Algebra_of_polinomials\laba1\LAB1\main.cpp(15,13): warning C4566: character represented by universal-character-name '\u043F' cannot be represented in the current code page (1252)
C:\Users\vkutergi\source\Algebra_of_polinomials\laba1\LAB1\main.cpp(15,13): warning C4566: character represented by universal-character-name '\u0440' cannot be represented in the current code page (1252)
C:\Users\vkutergi\source\Algebra_of_polinomials\laba1\LAB1\main.cpp(15,13): warning C4566: character represented by universal-character-name '\u043E' cannot be represented in the current code page (1252)
C:\Users\vkutergi\source\Algebra_of_polinomials\laba1\LAB1\main.cpp(15,13): warning C4566: character represented by universal-character-name '\u0438' cannot be represented in the current code page (1252)
C:\Users\vkutergi\source\Algebra_of_polinomials\laba1\LAB1\main.cpp(15,13): warning C4566: character represented by universal-character-name '\u0432' cannot be represented in the current code page (1252)
C:\Users\vkutergi\source\Algebra_of_polinomials\laba1\LAB1\main.cpp(15,13): warning C4566: character represented by universal-character-name '\u0434' cannot be represented in the current code page (1252)
C:\Users\vkutergi\source\Algebra_of_polinomials\laba1\LAB1\main.cpp(15,13): warning C4566: character represented by universal-character-name '\u043D' cannot be represented in the current code page (1252)
C:\Users\vkutergi\source\Algebra_of_polinomials\laba1\LAB1\main.cpp(15,13): warning C4566: character represented by universal-character-name '\u0443' cannot be represented in the current code page (1252)
C:\Users\vkutergi\source\Algebra_of_polinomials\laba1\LAB1\main.cpp(15,13): warning C4566: character represented by universal-character-name '\u044E' cannot be represented in the current code page (1252)
C:\Users\vkutergi\source\Algebra_of_polinomials\laba1\LAB1\main.cpp(15,13): warning C4566: character represented by universal-character-name '\u043B' cannot be represented in the current code page (1252)
C:\Users\vkutergi\source\Algebra_of_polinomials\laba1\LAB1\main.cpp(15,13): warning C4566: character represented by universal-character-name '\u043C' cannot be represented in the current code page (1252)
C:\Users\vkutergi\source\Algebra_of_polinomials\laba1\LAB1\main.cpp(15,13): warning C4566: character represented by universal-character-name '\u0430' cannot be represented in the current code page (1252)
C:\Users\vkutergi\source\Algebra_of_polinomials\laba1\LAB1\main.cpp(16,13): warning C4566: character represented by universal-character-name '\u0412' cannot be represented in the current code page (1252)
C:\Users\vkutergi\source\Algebra_of_polinomials\laba1\LAB1\main.cpp(16,13): warning C4566: character represented by universal-character-name '\u044B' cannot be represented in the current code page (1252)
C:\Users\vkutergi\source\Algebra_of_polinomials\laba1\LAB1\main.cpp(16,13): warning C4566: character represented by universal-character-name '\u0447' cannot be represented in the current code page (1252)
C:\Users\vkutergi\source\Algebra_of_polinomials\laba1\LAB1\main.cpp(16,13): warning C4566: character represented by universal-character-name '\u0438' cannot be represented in the current code page (1252)
C:\Users\vkutergi\source\Algebra_of_polinomials\laba1\LAB1\main.cpp(16,13): warning C4566: character represented by universal-character-name '\u0441' cannot be represented in the current code page (1252)
C:\Users\vkutergi\source\Algebra_of_polinomials\laba1\LAB1\main.cpp(16,13): warning C4566: character represented by universal-character-name '\u043B' cannot be represented in the current code page (1252)
C:\Users\vkutergi\source\Algebra_of_polinomials\laba1\LAB1\main.cpp(16,13): warning C4566: character represented by universal-character-name '\u0442' cannot be represented in the current code page (1252)
C:\Users\vkutergi\source\Algebra_of_polinomials\laba1\LAB1\main.cpp(16,13): warning C4566: character represented by universal-character-name '\u044C' cannot be represented in the current code page (1252)
C:\Users\vkutergi\source\Algebra_of_polinomials\laba1\LAB1\main.cpp(16,13): warning C4566: character represented by universal-character-name '\u0437' cannot be represented in the current code page (1252)
C:\Users\vkutergi\source\Algebra_of_polinomials\laba1\LAB1\main.cpp(16,13): warning C4566: character represented by universal-character-name '\u043D' cannot be represented in the current code page (1252)
C:\Users\vkutergi\source\Algebra_of_polinomials\laba1\LAB1\main.cpp(16,13): warning C4566: character represented by universal-character-name '\u0430' cannot be represented in the current code page (1252)
C:\Users\vkutergi\source\Algebra_of_polinomials\laba1\LAB1\main.cpp(16,13): warning C4566: character represented by universal-character-name '\u0435' cannot be represented in the current code page (1252)
C:\Users\vkutergi\source\Algebra_of_polinomials\laba1\LAB1\main.cpp(16,13): warning C4566: character represented by universal-character-name '\u043F' cannot be represented in the current code page (1252)
C:\Users\vkutergi\source\Algebra_of_polinomials\laba1\LAB1\main.cpp(16,13): warning C4566: character represented by universal-character-name '\u043E' cannot be represented in the current code page (1252)
C:\Users\vkutergi\source\Algebra_of_polinomials\laba1\LAB1\main.cpp(16,13): warning C4566: character represented by universal-character-name '\u043C' cannot be represented in the current code page (1252)
C:\Users\vkutergi\source\Algebra_of_polinomials\laba1\LAB1\main.cpp(16,13): warning C4566: character represented by universal-character-name '\u0432' cannot be represented in the current code page (1252)
C:\Users\vkutergi\source\Algebra_of_polinomials\laba1\LAB1\main.cpp(16,13): warning C4566: character represented by universal-character-name '\u043A' cannot be represented in the current code page (1252)
C:\Users\vkutergi\source\Algebra_of_polinomials\laba1\LAB1\main.cpp(17,13): warning C4566: character represented by universal-character-name '\u0412' cannot be represented in the current code page (1252)
C:\Users\vkutergi\source\Algebra_of_polinomials\laba1\LAB1\main.cpp(17,13): warning C4566: character represented by universal-character-name '\u044B' cannot be represented in the current code page (1252)
C:\Users\vkutergi\source\Algebra_of_polinomials\laba1\LAB1\main.cpp(17,13): warning C4566: character represented by universal-character-name '\u0439' cannot be represented in the current code page (1252)
C:\Users\vkutergi\source\Algebra_of_polinomials\laba1\LAB1\main.cpp(17,13): warning C4566: character represented by universal-character-name '\u0442' cannot be represented in the current code page (1252)
C:\Users\vkutergi\source\Algebra_of_polinomials\laba1\LAB1\main.cpp(17,13): warning C4566: character represented by universal-character-name '\u0438' cannot be represented in the current code page (1252)
C:\Users\vkutergi\source\Algebra_of_polinomials\laba1\LAB1\main.cpp(18,13): warning C4566: character represented by universal-character-name '\u0412' cannot be represented in the current code page (1252)
C:\Users\vkutergi\source\Algebra_of_polinomials\laba1\LAB1\main.cpp(18,13): warning C4566: character represented by universal-character-name '\u044B' cannot be represented in the current code page (1252)
C:\Users\vkutergi\source\Algebra_of_polinomials\laba1\LAB1\main.cpp(18,13): warning C4566: character represented by universal-character-name '\u0431' cannot be represented in the current code page (1252)
C:\Users\vkutergi\source\Algebra_of_polinomials\laba1\LAB1\main.cpp(18,13): warning C4566: character represented by universal-character-name '\u0435' cannot be represented in the current code page (1252)
C:\Users\vkutergi\source\Algebra_of_polinomials\laba1\LAB1\main.cpp(18,13): warning C4566: character represented by universal-character-name '\u0440' cannot be represented in the current code page (1252)
C:\Users\vkutergi\source\Algebra_of_polinomials\laba1\LAB1\main.cpp(18,13): warning C4566: character represented by universal-character-name '\u0438' cannot be represented in the current code page (1252)
C:\Users\vkutergi\source\Algebra_of_polinomials\laba1\LAB1\main.cpp(18,13): warning C4566: character represented by universal-character-name '\u0442' cannot be represented in the current code page (1252)
C:\Users\vkutergi\source\Algebra_of_polinomials\laba1\LAB1\main.cpp(18,13): warning C4566: character represented by universal-character-name '\u0434' cannot be represented in the current code page (1252)
C:\Users\vkutergi\source\Algebra_of_polinomials\laba1\LAB1\main.cpp(18,13): warning C4566: character represented by universal-character-name '\u0439' cannot be represented in the current code page (1252)
C:\Users\vkutergi\source\Algebra_of_polinomials\laba1\LAB1\main.cpp(18,13): warning C4566: character represented by universal-character-name '\u0441' cannot be represented in the current code page (1252)
C:\Users\vkutergi\source\Algebra_of_polinomials\laba1\LAB1\main.cpp(18,13): warning C4566: character represented by universal-character-name '\u0432' cannot be represented in the current code page (1252)
C:\Users\vkutergi\source\Algebra_of_polinomials\laba1\LAB1\main.cpp(37,21): warning C4566: character represented by universal-character-name '\u0412' cannot be represented in the current code page (1252)
C:\Users\vkutergi\source\Algebra_of_polinomials\laba1\LAB1\main.cpp(37,21): warning C4566: character represented by universal-character-name '\u044B' cannot be represented in the current code page (1252)
C:\Users\vkutergi\source\Algebra_of_polinomials\laba1\LAB1\main.cpp(37,21): warning C4566: character represented by universal-character-name '\u0431' cannot be represented in the current code page (1252)
C:\Users\vkutergi\source\Algebra_of_polinomials\laba1\LAB1\main.cpp(37,21): warning C4566: character represented by universal-character-name '\u0435' cannot be represented in the current code page (1252)
C:\Users\vkutergi\source\Algebra_of_polinomials\laba1\LAB1\main.cpp(37,21): warning C4566: character represented by universal-character-name '\u0440' cannot be represented in the current code page (1252)
C:\Users\vkutergi\source\Algebra_of_polinomials\laba1\LAB1\main.cpp(37,21): warning C4566: character represented by universal-character-name '\u0438' cannot be represented in the current code page (1252)
C:\Users\vkutergi\source\Algebra_of_polinomials\laba1\LAB1\main.cpp(37,21): warning C4566: character represented by universal-character-name '\u0442' cannot be represented in the current code page (1252)
C:\Users\vkutergi\source\Algebra_of_polinomials\laba1\LAB1\main.cpp(37,21): warning C4566: character represented by universal-character-name '\u0430' cannot be represented in the current code page (1252)
C:\Users\vkutergi\source\Algebra_of_polinomials\laba1\LAB1\main.cpp(37,21): warning C4566: character represented by universal-character-name '\u043B' cannot be represented in the current code page (1252)
C:\Users\vkutergi\source\Algebra_of_polinomials\laba1\LAB1\main.cpp(37,21): warning C4566: character represented by universal-character-name '\u0446' cannot be represented in the current code page (1252)
C:\Users\vkutergi\source\Algebra_of_polinomials\laba1\LAB1\main.cpp(37,21): warning C4566: character represented by universal-character-name '\u0443' cannot be represented in the current code page (1252)
C:\Users\vkutergi\source\Algebra_of_polinomials\laba1\LAB1\main.cpp(44,20): warning C4566: character represented by universal-character-name '\u0412' cannot be represented in the current code page (1252)
C:\Users\vkutergi\source\Algebra_of_polinomials\laba1\LAB1\main.cpp(44,20): warning C4566: character represented by universal-character-name '\u0430' cannot be represented in the current code page (1252)
C:\Users\vkutergi\source\Algebra_of_polinomials\laba1\LAB1\main.cpp(44,20): warning C4566: character represented by universal-character-name '\u0448' cannot be represented in the current code page (1252)
C:\Users\vkutergi\source\Algebra_of_polinomials\laba1\LAB1\main.cpp(44,20): warning C4566: character represented by universal-character-name '\u0432' cannot be represented in the current code page (1252)
C:\Users\vkutergi\source\Algebra_of_polinomials\laba1\LAB1\main.cpp(44,20): warning C4566: character represented by universal-character-name '\u044B' cannot be represented in the current code page (1252)
C:\Users\vkutergi\source\Algebra_of_polinomials\laba1\LAB1\main.cpp(44,20): warning C4566: character represented by universal-character-name '\u0431' cannot be represented in the current code page (1252)
C:\Users\vkutergi\source\Algebra_of_polinomials\laba1\LAB1\main.cpp(44,20): warning C4566: character represented by universal-character-name '\u043E' cannot be represented in the current code page (1252)
C:\Users\vkutergi\source\Algebra_of_polinomials\laba1\LAB1\main.cpp(44,20): warning C4566: character represented by universal-character-name '\u0440' cannot be represented in the current code page (1252)
C:\Users\vkutergi\source\Algebra_of_polinomials\laba1\LAB1\main.cpp(51,25): warning C4566: character represented by universal-character-name '\u041E' cannot be represented in the current code page (1252)
C:\Users\vkutergi\source\Algebra_of_polinomials\laba1\LAB1\main.cpp(51,25): warning C4566: character represented by universal-character-name '\u0448' cannot be represented in the current code page (1252)
C:\Users\vkutergi\source\Algebra_of_polinomials\laba1\LAB1\main.cpp(51,25): warning C4566: character represented by universal-character-name '\u0438' cannot be represented in the current code page (1252)
C:\Users\vkutergi\source\Algebra_of_polinomials\laba1\LAB1\main.cpp(51,25): warning C4566: character represented by universal-character-name '\u0431' cannot be represented in the current code page (1252)
C:\Users\vkutergi\source\Algebra_of_polinomials\laba1\LAB1\main.cpp(51,25): warning C4566: character represented by universal-character-name '\u043A' cannot be represented in the current code page (1252)
C:\Users\vkutergi\source\Algebra_of_polinomials\laba1\LAB1\main.cpp(51,25): warning C4566: character represented by universal-character-name '\u0430' cannot be represented in the current code page (1252)
C:\Users\vkutergi\source\Algebra_of_polinomials\laba1\LAB1\main.cpp(60,21): warning C4566: character represented by universal-character-name '\u0412' cannot be represented in the current code page (1252)
C:\Users\vkutergi\source\Algebra_of_polinomials\laba1\LAB1\main.cpp(60,21): warning C4566: character represented by universal-character-name '\u0432' cannot be represented in the current code page (1252)
C:\Users\vkutergi\source\Algebra_of_polinomials\laba1\LAB1\main.cpp(60,21): warning C4566: character represented by universal-character-name '\u0435' cannot be represented in the current code page (1252)
C:\Users\vkutergi\source\Algebra_of_polinomials\laba1\LAB1\main.cpp(60,21): warning C4566: character represented by universal-character-name '\u0434' cannot be represented in the current code page (1252)
C:\Users\vkutergi\source\Algebra_of_polinomials\laba1\LAB1\main.cpp(60,21): warning C4566: character represented by universal-character-name '\u0438' cannot be represented in the current code page (1252)
C:\Users\vkutergi\source\Algebra_of_polinomials\laba1\LAB1\main.cpp(60,21): warning C4566: character represented by universal-character-name '\u0442' cannot be represented in the current code page (1252)
C:\Users\vkutergi\source\Algebra_of_polinomials\laba1\LAB1\main.cpp(60,21): warning C4566: character represented by universal-character-name '\u043D' cannot be represented in the current code page (1252)
C:\Users\vkutergi\source\Algebra_of_polinomials\laba1\LAB1\main.cpp(60,21): warning C4566: character represented by universal-character-name '\u0430' cannot be represented in the current code page (1252)
C:\Users\vkutergi\source\Algebra_of_polinomials\laba1\LAB1\main.cpp(60,21): warning C4566: character represented by universal-character-name '\u0437' cannot be represented in the current code page (1252)
C:\Users\vkutergi\source\Algebra_of_polinomials\laba1\LAB1\main.cpp(60,21): warning C4566: character represented by universal-character-name '\u043F' cannot be represented in the current code page (1252)
C:\Users\vkutergi\source\Algebra_of_polinomials\laba1\LAB1\main.cpp(60,21): warning C4566: character represented by universal-character-name '\u0440' cannot be represented in the current code page (1252)
C:\Users\vkutergi\source\Algebra_of_polinomials\laba1\LAB1\main.cpp(60,21): warning C4566: character represented by universal-character-name '\u043C' cannot be represented in the current code page (1252)
C:\Users\vkutergi\source\Algebra_of_polinomials\laba1\LAB1\main.cpp(60,21): warning C4566: character represented by universal-character-name '\u043E' cannot be represented in the current code page (1252)
C:\Users\vkutergi\source\Algebra_of_polinomials\laba1\LAB1\main.cpp(60,21): warning C4566: character represented by universal-character-name '\u0439' cannot be represented in the current code page (1252)
C:\Users\vkutergi\source\Algebra_of_polinomials\laba1\LAB1\main.cpp(60,21): warning C4566: character represented by universal-character-name '\u043B' cannot be represented in the current code page (1252)
C:\Users\vkutergi\source\Algebra_of_polinomials\laba1\LAB1\main.cpp(60,21): warning C4566: character represented by universal-character-name '\u044F' cannot be represented in the current code page (1252)
C:\Users\vkutergi\source\Algebra_of_polinomials\laba1\LAB1\main.cpp(63,21): warning C4566: character represented by universal-character-name '\u0412' cannot be represented in the current code page (1252)
C:\Users\vkutergi\source\Algebra_of_polinomials\laba1\LAB1\main.cpp(63,21): warning C4566: character represented by universal-character-name '\u0432' cannot be represented in the current code page (1252)
C:\Users\vkutergi\source\Algebra_of_polinomials\laba1\LAB1\main.cpp(63,21): warning C4566: character represented by universal-character-name '\u0435' cannot be represented in the current code page (1252)
C:\Users\vkutergi\source\Algebra_of_polinomials\laba1\LAB1\main.cpp(63,21): warning C4566: character represented by universal-character-name '\u0434' cannot be represented in the current code page (1252)
C:\Users\vkutergi\source\Algebra_of_polinomials\laba1\LAB1\main.cpp(63,21): warning C4566: character represented by universal-character-name '\u0438' cannot be represented in the current code page (1252)
C:\Users\vkutergi\source\Algebra_of_polinomials\laba1\LAB1\main.cpp(63,21): warning C4566: character represented by universal-character-name '\u0442' cannot be represented in the current code page (1252)
C:\Users\vkutergi\source\Algebra_of_polinomials\laba1\LAB1\main.cpp(63,21): warning C4566: character represented by universal-character-name '\u043F' cannot be represented in the current code page (1252)
C:\Users\vkutergi\source\Algebra_of_polinomials\laba1\LAB1\main.cpp(63,21): warning C4566: character represented by universal-character-name '\u043E' cannot be represented in the current code page (1252)
C:\Users\vkutergi\source\Algebra_of_polinomials\laba1\LAB1\main.cpp(63,21): warning C4566: character represented by universal-character-name '\u043B' cannot be represented in the current code page (1252)
C:\Users\vkutergi\source\Algebra_of_polinomials\laba1\LAB1\main.cpp(63,21): warning C4566: character represented by universal-character-name '\u043D' cannot be represented in the current code page (1252)
C:\Users\vkutergi\source\Algebra_of_polinomials\laba1\LAB1\main.cpp(63,21): warning C4566: character represented by universal-character-name '\u043C' cannot be represented in the current code page (1252)
C:\Users\vkutergi\source\Algebra_of_polinomials\laba1\LAB1\main.cpp(63,21): warning C4566: character represented by universal-character-name '\u0430' cannot be represented in the current code page (1252)
C:\Users\vkutergi\source\Algebra_of_polinomials\laba1\LAB1\main.cpp(63,21): warning C4566: character represented by universal-character-name '\u0440' cannot be represented in the current code page (1252)
C:\Users\vkutergi\source\Algebra_of_polinomials\laba1\LAB1\main.cpp(70,25): warning C4566: character represented by universal-character-name '\u041E' cannot be represented in the current code page (1252)
C:\Users\vkutergi\source\Algebra_of_polinomials\laba1\LAB1\main.cpp(70,25): warning C4566: character represented by universal-character-name '\u0448' cannot be represented in the current code page (1252)
C:\Users\vkutergi\source\Algebra_of_polinomials\laba1\LAB1\main.cpp(70,25): warning C4566: character represented by universal-character-name '\u0438' cannot be represented in the current code page (1252)
C:\Users\vkutergi\source\Algebra_of_polinomials\laba1\LAB1\main.cpp(70,25): warning C4566: character represented by universal-character-name '\u0431' cannot be represented in the current code page (1252)
C:\Users\vkutergi\source\Algebra_of_polinomials\laba1\LAB1\main.cpp(70,25): warning C4566: character represented by universal-character-name '\u043A' cannot be represented in the current code page (1252)
C:\Users\vkutergi\source\Algebra_of_polinomials\laba1\LAB1\main.cpp(70,25): warning C4566: character represented by universal-character-name '\u0430' cannot be represented in the current code page (1252)
C:\Users\vkutergi\source\Algebra_of_polinomials\laba1\LAB1\main.cpp(70,25): warning C4566: character represented by universal-character-name '\u043F' cannot be represented in the current code page (1252)
C:\Users\vkutergi\source\Algebra_of_polinomials\laba1\LAB1\main.cpp(70,25): warning C4566: character represented by universal-character-name '\u0440' cannot be represented in the current code page (1252)
C:\Users\vkutergi\source\Algebra_of_polinomials\laba1\LAB1\main.cpp(70,25): warning C4566: character represented by universal-character-name '\u0441' cannot be represented in the current code page (1252)
C:\Users\vkutergi\source\Algebra_of_polinomials\laba1\LAB1\main.cpp(70,25): warning C4566: character represented by universal-character-name '\u043E' cannot be represented in the current code page (1252)
C:\Users\vkutergi\source\Algebra_of_polinomials\laba1\LAB1\main.cpp(70,25): warning C4566: character represented by universal-character-name '\u0437' cannot be represented in the current code page (1252)
C:\Users\vkutergi\source\Algebra_of_polinomials\laba1\LAB1\main.cpp(70,25): warning C4566: character represented by universal-character-name '\u0434' cannot be represented in the current code page (1252)
C:\Users\vkutergi\source\Algebra_of_polinomials\laba1\LAB1\main.cpp(70,25): warning C4566: character represented by universal-character-name '\u043D' cannot be represented in the current code page (1252)
C:\Users\vkutergi\source\Algebra_of_polinomials\laba1\LAB1\main.cpp(70,25): warning C4566: character represented by universal-character-name '\u043B' cannot be represented in the current code page (1252)
C:\Users\vkutergi\source\Algebra_of_polinomials\laba1\LAB1\main.cpp(70,25): warning C4566: character represented by universal-character-name '\u043C' cannot be represented in the current code page (1252)
C:\Users\vkutergi\source\Algebra_of_polinomials\laba1\LAB1\main.cpp(75,21): warning C4566: character represented by universal-character-name '\u0412' cannot be represented in the current code page (1252)
C:\Users\vkutergi\source\Algebra_of_polinomials\laba1\LAB1\main.cpp(75,21): warning C4566: character represented by universal-character-name '\u0432' cannot be represented in the current code page (1252)
C:\Users\vkutergi\source\Algebra_of_polinomials\laba1\LAB1\main.cpp(75,21): warning C4566: character represented by universal-character-name '\u0435' cannot be represented in the current code page (1252)
C:\Users\vkutergi\source\Algebra_of_polinomials\laba1\LAB1\main.cpp(75,21): warning C4566: character represented by universal-character-name '\u0434' cannot be represented in the current code page (1252)
C:\Users\vkutergi\source\Algebra_of_polinomials\laba1\LAB1\main.cpp(75,21): warning C4566: character represented by universal-character-name '\u0438' cannot be represented in the current code page (1252)
C:\Users\vkutergi\source\Algebra_of_polinomials\laba1\LAB1\main.cpp(75,21): warning C4566: character represented by universal-character-name '\u0442' cannot be represented in the current code page (1252)
C:\Users\vkutergi\source\Algebra_of_polinomials\laba1\LAB1\main.cpp(75,21): warning C4566: character represented by universal-character-name '\u043D' cannot be represented in the current code page (1252)
C:\Users\vkutergi\source\Algebra_of_polinomials\laba1\LAB1\main.cpp(75,21): warning C4566: character represented by universal-character-name '\u0430' cannot be represented in the current code page (1252)
C:\Users\vkutergi\source\Algebra_of_polinomials\laba1\LAB1\main.cpp(75,21): warning C4566: character represented by universal-character-name '\u0437' cannot be represented in the current code page (1252)
C:\Users\vkutergi\source\Algebra_of_polinomials\laba1\LAB1\main.cpp(75,21): warning C4566: character represented by universal-character-name '\u0443' cannot be represented in the current code page (1252)
C:\Users\vkutergi\source\Algebra_of_polinomials\laba1\LAB1\main.cpp(75,21): warning C4566: character represented by universal-character-name '\u043B' cannot be represented in the current code page (1252)
C:\Users\vkutergi\source\Algebra_of_polinomials\laba1\LAB1\main.cpp(75,21): warning C4566: character represented by universal-character-name '\u044F' cannot be represented in the current code page (1252)
C:\Users\vkutergi\source\Algebra_of_polinomials\laba1\LAB1\main.cpp(75,21): warning C4566: character represented by universal-character-name '\u043C' cannot be represented in the current code page (1252)
C:\Users\vkutergi\source\Algebra_of_polinomials\laba1\LAB1\main.cpp(75,21): warning C4566: character represented by universal-character-name '\u043E' cannot be represented in the current code page (1252)
C:\Users\vkutergi\source\Algebra_of_polinomials\laba1\LAB1\main.cpp(75,21): warning C4566: character represented by universal-character-name '\u0433' cannot be represented in the current code page (1252)
C:\Users\vkutergi\source\Algebra_of_polinomials\laba1\LAB1\main.cpp(75,21): warning C4566: character represented by universal-character-name '\u043F' cannot be represented in the current code page (1252)
C:\Users\vkutergi\source\Algebra_of_polinomials\laba1\LAB1\main.cpp(81,21): warning C4566: character represented by universal-character-name '\u0412' cannot be represented in the current code page (1252)
C:\Users\vkutergi\source\Algebra_of_polinomials\laba1\LAB1\main.cpp(81,21): warning C4566: character represented by universal-character-name '\u0432' cannot be represented in the current code page (1252)
C:\Users\vkutergi\source\Algebra_of_polinomials\laba1\LAB1\main.cpp(81,21): warning C4566: character represented by universal-character-name '\u0435' cannot be represented in the current code page (1252)
C:\Users\vkutergi\source\Algebra_of_polinomials\laba1\LAB1\main.cpp(81,21): warning C4566: character represented by universal-character-name '\u0434' cannot be represented in the current code page (1252)
C:\Users\vkutergi\source\Algebra_of_polinomials\laba1\LAB1\main.cpp(81,21): warning C4566: character represented by universal-character-name '\u0438' cannot be represented in the current code page (1252)
C:\Users\vkutergi\source\Algebra_of_polinomials\laba1\LAB1\main.cpp(81,21): warning C4566: character represented by universal-character-name '\u0442' cannot be represented in the current code page (1252)
C:\Users\vkutergi\source\Algebra_of_polinomials\laba1\LAB1\main.cpp(81,21): warning C4566: character represented by universal-character-name '\u043D' cannot be represented in the current code page (1252)
C:\Users\vkutergi\source\Algebra_of_polinomials\laba1\LAB1\main.cpp(81,21): warning C4566: character represented by universal-character-name '\u0430' cannot be represented in the current code page (1252)
C:\Users\vkutergi\source\Algebra_of_polinomials\laba1\LAB1\main.cpp(81,21): warning C4566: character represented by universal-character-name '\u0437' cannot be represented in the current code page (1252)
C:\Users\vkutergi\source\Algebra_of_polinomials\laba1\LAB1\main.cpp(81,21): warning C4566: character represented by universal-character-name '\u0440' cannot be represented in the current code page (1252)
C:\Users\vkutergi\source\Algebra_of_polinomials\laba1\LAB1\main.cpp(81,21): warning C4566: character represented by universal-character-name '\u0443' cannot be represented in the current code page (1252)
C:\Users\vkutergi\source\Algebra_of_polinomials\laba1\LAB1\main.cpp(81,21): warning C4566: character represented by universal-character-name '\u043B' cannot be represented in the current code page (1252)
C:\Users\vkutergi\source\Algebra_of_polinomials\laba1\LAB1\main.cpp(81,21): warning C4566: character represented by universal-character-name '\u044C' cannot be represented in the current code page (1252)
C:\Users\vkutergi\source\Algebra_of_polinomials\laba1\LAB1\main.cpp(81,21): warning C4566: character represented by universal-character-name '\u044E' cannot be represented in the current code page (1252)
C:\Users\vkutergi\source\Algebra_of_polinomials\laba1\LAB1\main.cpp(81,21): warning C4566: character represented by universal-character-name '\u0449' cannot be represented in the current code page (1252)
C:\Users\vkutergi\source\Algebra_of_polinomials\laba1\LAB1\main.cpp(81,21): warning C4566: character represented by universal-character-name '\u0433' cannot be represented in the current code page (1252)
C:\Users\vkutergi\source\Algebra_of_polinomials\laba1\LAB1\main.cpp(81,21): warning C4566: character represented by universal-character-name '\u043E' cannot be represented in the current code page (1252)
C:\Users\vkutergi\source\Algebra_of_polinomials\laba1\LAB1\main.cpp(81,21): warning C4566: character represented by universal-character-name '\u043F' cannot be represented in the current code page (1252)
C:\Users\vkutergi\source\Algebra_of_polinomials\laba1\LAB1\main.cpp(81,21): warning C4566: character represented by universal-character-name '\u043C' cannot be represented in the current code page (1252)
C:\Users\vkutergi\source\Algebra_of_polinomials\laba1\LAB1\main.cpp(84,21): warning C4566: character represented by universal-character-name '\u0412' cannot be represented in the current code page (1252)
C:\Users\vkutergi\source\Algebra_of_polinomials\laba1\LAB1\main.cpp(84,21): warning C4566: character represented by universal-character-name '\u0432' cannot be represented in the current code page (1252)
C:\Users\vkutergi\source\Algebra_of_polinomials\laba1\LAB1\main.cpp(84,21): warning C4566: character represented by universal-character-name '\u0435' cannot be represented in the current code page (1252)
C:\Users\vkutergi\source\Algebra_of_polinomials\laba1\LAB1\main.cpp(84,21): warning C4566: character represented by universal-character-name '\u0434' cannot be represented in the current code page (1252)
C:\Users\vkutergi\source\Algebra_of_polinomials\laba1\LAB1\main.cpp(84,21): warning C4566: character represented by universal-character-name '\u0438' cannot be represented in the current code page (1252)
C:\Users\vkutergi\source\Algebra_of_polinomials\laba1\LAB1\main.cpp(84,21): warning C4566: character represented by universal-character-name '\u0442' cannot be represented in the current code page (1252)
C:\Users\vkutergi\source\Algebra_of_polinomials\laba1\LAB1\main.cpp(84,21): warning C4566: character represented by universal-character-name '\u044B' cannot be represented in the current code page (1252)
C:\Users\vkutergi\source\Algebra_of_polinomials\laba1\LAB1\main.cpp(84,21): warning C4566: character represented by universal-character-name '\u0440' cannot be represented in the current code page (1252)
C:\Users\vkutergi\source\Algebra_of_polinomials\laba1\LAB1\main.cpp(84,21): warning C4566: character represented by universal-character-name '\u0430' cannot be represented in the current code page (1252)
C:\Users\vkutergi\source\Algebra_of_polinomials\laba1\LAB1\main.cpp(84,21): warning C4566: character represented by universal-character-name '\u0436' cannot be represented in the current code page (1252)
C:\Users\vkutergi\source\Algebra_of_polinomials\laba1\LAB1\main.cpp(84,21): warning C4566: character represented by universal-character-name '\u043D' cannot be represented in the current code page (1252)
C:\Users\vkutergi\source\Algebra_of_polinomials\laba1\LAB1\main.cpp(84,21): warning C4566: character represented by universal-character-name '\u0441' cannot be represented in the current code page (1252)
C:\Users\vkutergi\source\Algebra_of_polinomials\laba1\LAB1\main.cpp(84,21): warning C4566: character represented by universal-character-name '\u043C' cannot be represented in the current code page (1252)
C:\Users\vkutergi\source\Algebra_of_polinomials\laba1\LAB1\main.cpp(84,21): warning C4566: character represented by universal-character-name '\u043F' cannot be represented in the current code page (1252)
C:\Users\vkutergi\source\Algebra_of_polinomials\laba1\LAB1\main.cpp(84,21): warning C4566: character represented by universal-character-name '\u043E' cannot be represented in the current code page (1252)
C:\Users\vkutergi\source\Algebra_of_polinomials\laba1\LAB1\main.cpp(84,21): warning C4566: character represented by universal-character-name '\u043B' cannot be represented in the current code page (1252)
C:\Users\vkutergi\source\Algebra_of_polinomials\laba1\LAB1\main.cpp(88,25): warning C4566: character represented by universal-character-name '\u041F' cannot be represented in the current code page (1252)
C:\Users\vkutergi\source\Algebra_of_polinomials\laba1\LAB1\main.cpp(88,25): warning C4566: character represented by universal-character-name '\u043E' cannot be represented in the current code page (1252)
C:\Users\vkutergi\source\Algebra_of_polinomials\laba1\LAB1\main.cpp(88,25): warning C4566: character represented by universal-character-name '\u043B' cannot be represented in the current code page (1252)
C:\Users\vkutergi\source\Algebra_of_polinomials\laba1\LAB1\main.cpp(88,25): warning C4566: character represented by universal-character-name '\u0438' cannot be represented in the current code page (1252)
C:\Users\vkutergi\source\Algebra_of_polinomials\laba1\LAB1\main.cpp(88,25): warning C4566: character represented by universal-character-name '\u043D' cannot be represented in the current code page (1252)
C:\Users\vkutergi\source\Algebra_of_polinomials\laba1\LAB1\main.cpp(88,25): warning C4566: character represented by universal-character-name '\u043C' cannot be represented in the current code page (1252)
C:\Users\vkutergi\source\Algebra_of_polinomials\laba1\LAB1\main.cpp(88,54): warning C4566: character represented by universal-character-name '\u0443' cannot be represented in the current code page (1252)
C:\Users\vkutergi\source\Algebra_of_polinomials\laba1\LAB1\main.cpp(88,54): warning C4566: character represented by universal-character-name '\u0441' cannot be represented in the current code page (1252)
C:\Users\vkutergi\source\Algebra_of_polinomials\laba1\LAB1\main.cpp(88,54): warning C4566: character represented by universal-character-name '\u043F' cannot be represented in the current code page (1252)
C:\Users\vkutergi\source\Algebra_of_polinomials\laba1\LAB1\main.cpp(88,54): warning C4566: character represented by universal-character-name '\u0435' cannot be represented in the current code page (1252)
C:\Users\vkutergi\source\Algebra_of_polinomials\laba1\LAB1\main.cpp(88,54): warning C4566: character represented by universal-character-name '\u0448' cannot be represented in the current code page (1252)
C:\Users\vkutergi\source\Algebra_of_polinomials\laba1\LAB1\main.cpp(88,54): warning C4566: character represented by universal-character-name '\u043D' cannot be represented in the current code page (1252)
C:\Users\vkutergi\source\Algebra_of_polinomials\laba1\LAB1\main.cpp(88,54): warning C4566: character represented by universal-character-name '\u043E' cannot be represented in the current code page (1252)
C:\Users\vkutergi\source\Algebra_of_polinomials\laba1\LAB1\main.cpp(88,54): warning C4566: character represented by universal-character-name '\u0432' cannot be represented in the current code page (1252)
C:\Users\vkutergi\source\Algebra_of_polinomials\laba1\LAB1\main.cpp(88,54): warning C4566: character represented by universal-character-name '\u044B' cannot be represented in the current code page (1252)
C:\Users\vkutergi\source\Algebra_of_polinomials\laba1\LAB1\main.cpp(88,54): warning C4566: character represented by universal-character-name '\u0447' cannot be represented in the current code page (1252)
C:\Users\vkutergi\source\Algebra_of_polinomials\laba1\LAB1\main.cpp(88,54): warning C4566: character represented by universal-character-name '\u0438' cannot be represented in the current code page (1252)
C:\Users\vkutergi\source\Algebra_of_polinomials\laba1\LAB1\main.cpp(88,54): warning C4566: character represented by universal-character-name '\u043B' cannot be represented in the current code page (1252)
C:\Users\vkutergi\source\Algebra_of_polinomials\laba1\LAB1\main.cpp(88,54): warning C4566: character represented by universal-character-name '\u0445' cannot be represented in the current code page (1252)
C:\Users\vkutergi\source\Algebra_of_polinomials\laba1\LAB1\main.cpp(88,54): warning C4566: character represented by universal-character-name '\u0440' cannot be represented in the current code page (1252)
C:\Users\vkutergi\source\Algebra_of_polinomials\laba1\LAB1\main.cpp(88,54): warning C4566: character represented by universal-character-name '\u0430' cannot be represented in the current code page (1252)
C:\Users\vkutergi\source\Algebra_of_polinomials\laba1\LAB1\main.cpp(88,54): warning C4566: character represented by universal-character-name '\u0451' cannot be represented in the current code page (1252)
C:\Users\vkutergi\source\Algebra_of_polinomials\laba1\LAB1\main.cpp(89,25): warning C4566: character represented by universal-character-name '\u0420' cannot be represented in the current code page (1252)
C:\Users\vkutergi\source\Algebra_of_polinomials\laba1\LAB1\main.cpp(89,25): warning C4566: character represented by universal-character-name '\u0435' cannot be represented in the current code page (1252)
C:\Users\vkutergi\source\Algebra_of_polinomials\laba1\LAB1\main.cpp(89,25): warning C4566: character represented by universal-character-name '\u0437' cannot be represented in the current code page (1252)
C:\Users\vkutergi\source\Algebra_of_polinomials\laba1\LAB1\main.cpp(89,25): warning C4566: character represented by universal-character-name '\u0443' cannot be represented in the current code page (1252)
C:\Users\vkutergi\source\Algebra_of_polinomials\laba1\LAB1\main.cpp(89,25): warning C4566: character represented by universal-character-name '\u043B' cannot be represented in the current code page (1252)
C:\Users\vkutergi\source\Algebra_of_polinomials\laba1\LAB1\main.cpp(89,25): warning C4566: character represented by universal-character-name '\u044C' cannot be represented in the current code page (1252)
C:\Users\vkutergi\source\Algebra_of_polinomials\laba1\LAB1\main.cpp(89,25): warning C4566: character represented by universal-character-name '\u0442' cannot be represented in the current code page (1252)
C:\Users\vkutergi\source\Algebra_of_polinomials\laba1\LAB1\main.cpp(89,25): warning C4566: character represented by universal-character-name '\u0430' cannot be represented in the current code page (1252)
C:\Users\vkutergi\source\Algebra_of_polinomials\laba1\LAB1\main.cpp(92,25): warning C4566: character represented by universal-character-name '\u041E' cannot be represented in the current code page (1252)
C:\Users\vkutergi\source\Algebra_of_polinomials\laba1\LAB1\main.cpp(92,25): warning C4566: character represented by universal-character-name '\u0448' cannot be represented in the current code page (1252)
C:\Users\vkutergi\source\Algebra_of_polinomials\laba1\LAB1\main.cpp(92,25): warning C4566: character represented by universal-character-name '\u0438' cannot be represented in the current code page (1252)
C:\Users\vkutergi\source\Algebra_of_polinomials\laba1\LAB1\main.cpp(92,25): warning C4566: character represented by universal-character-name '\u0431' cannot be represented in the current code page (1252)
C:\Users\vkutergi\source\Algebra_of_polinomials\laba1\LAB1\main.cpp(92,25): warning C4566: character represented by universal-character-name '\u043A' cannot be represented in the current code page (1252)
C:\Users\vkutergi\source\Algebra_of_polinomials\laba1\LAB1\main.cpp(92,25): warning C4566: character represented by universal-character-name '\u0430' cannot be represented in the current code page (1252)
C:\Users\vkutergi\source\Algebra_of_polinomials\laba1\LAB1\main.cpp(92,25): warning C4566: character represented by universal-character-name '\u043F' cannot be represented in the current code page (1252)
C:\Users\vkutergi\source\Algebra_of_polinomials\laba1\LAB1\main.cpp(92,25): warning C4566: character represented by universal-character-name '\u0440' cannot be represented in the current code page (1252)
C:\Users\vkutergi\source\Algebra_of_polinomials\laba1\LAB1\main.cpp(92,25): warning C4566: character represented by universal-character-name '\u0432' cannot be represented in the current code page (1252)
C:\Users\vkutergi\source\Algebra_of_polinomials\laba1\LAB1\main.cpp(92,25): warning C4566: character represented by universal-character-name '\u044B' cannot be represented in the current code page (1252)
C:\Users\vkutergi\source\Algebra_of_polinomials\laba1\LAB1\main.cpp(92,25): warning C4566: character represented by universal-character-name '\u0447' cannot be represented in the current code page (1252)
C:\Users\vkutergi\source\Algebra_of_polinomials\laba1\LAB1\main.cpp(92,25): warning C4566: character represented by universal-character-name '\u0441' cannot be represented in the current code page (1252)
C:\Users\vkutergi\source\Algebra_of_polinomials\laba1\LAB1\main.cpp(92,25): warning C4566: character represented by universal-character-name '\u043B' cannot be represented in the current code page (1252)
C:\Users\vkutergi\source\Algebra_of_polinomials\laba1\LAB1\main.cpp(92,25): warning C4566: character represented by universal-character-name '\u0435' cannot be represented in the current code page (1252)
C:\Users\vkutergi\source\Algebra_of_polinomials\laba1\LAB1\main.cpp(92,25): warning C4566: character represented by universal-character-name '\u043D' cannot be represented in the current code page (1252)
C:\Users\vkutergi\source\Algebra_of_polinomials\laba1\LAB1\main.cpp(97,21): warning C4566: character represented by universal-character-name '\u0412' cannot be represented in the current code page (1252)
C:\Users\vkutergi\source\Algebra_of_polinomials\laba1\LAB1\main.cpp(97,21): warning C4566: character represented by universal-character-name '\u0432' cannot be represented in the current code page (1252)
C:\Users\vkutergi\source\Algebra_of_polinomials\laba1\LAB1\main.cpp(97,21): warning C4566: character represented by universal-character-name '\u0435' cannot be represented in the current code page (1252)
C:\Users\vkutergi\source\Algebra_of_polinomials\laba1\LAB1\main.cpp(97,21): warning C4566: character represented by universal-character-name '\u0434' cannot be represented in the current code page (1252)
C:\Users\vkutergi\source\Algebra_of_polinomials\laba1\LAB1\main.cpp(97,21): warning C4566: character represented by universal-character-name '\u0438' cannot be represented in the current code page (1252)
C:\Users\vkutergi\source\Algebra_of_polinomials\laba1\LAB1\main.cpp(97,21): warning C4566: character represented by universal-character-name '\u0442' cannot be represented in the current code page (1252)
C:\Users\vkutergi\source\Algebra_of_polinomials\laba1\LAB1\main.cpp(97,21): warning C4566: character represented by universal-character-name '\u043D' cannot be represented in the current code page (1252)
C:\Users\vkutergi\source\Algebra_of_polinomials\laba1\LAB1\main.cpp(97,21): warning C4566: character represented by universal-character-name '\u0430' cannot be represented in the current code page (1252)
C:\Users\vkutergi\source\Algebra_of_polinomials\laba1\LAB1\main.cpp(97,21): warning C4566: character represented by universal-character-name '\u0437' cannot be represented in the current code page (1252)
C:\Users\vkutergi\source\Algebra_of_polinomials\laba1\LAB1\main.cpp(97,21): warning C4566: character represented by universal-character-name '\u043F' cannot be represented in the current code page (1252)
C:\Users\vkutergi\source\Algebra_of_polinomials\laba1\LAB1\main.cpp(97,21): warning C4566: character represented by universal-character-name '\u043E' cannot be represented in the current code page (1252)
C:\Users\vkutergi\source\Algebra_of_polinomials\laba1\LAB1\main.cpp(97,21): warning C4566: character represented by universal-character-name '\u043B' cannot be represented in the current code page (1252)
C:\Users\vkutergi\source\Algebra_of_polinomials\laba1\LAB1\main.cpp(97,21): warning C4566: character represented by universal-character-name '\u043C' cannot be represented in the current code page (1252)
C:\Users\vkutergi\source\Algebra_of_polinomials\laba1\LAB1\main.cpp(99,21): warning C4566: character represented by universal-character-name '\u0412' cannot be represented in the current code page (1252)
C:\Users\vkutergi\source\Algebra_of_polinomials\laba1\LAB1\main.cpp(99,21): warning C4566: character represented by universal-character-name '\u0432' cannot be represented in the current code page (1252)
C:\Users\vkutergi\source\Algebra_of_polinomials\laba1\LAB1\main.cpp(99,21): warning C4566: character represented by universal-character-name '\u0435' cannot be represented in the current code page (1252)
C:\Users\vkutergi\source\Algebra_of_polinomials\laba1\LAB1\main.cpp(99,21): warning C4566: character represented by universal-character-name '\u0434' cannot be represented in the current code page (1252)
C:\Users\vkutergi\source\Algebra_of_polinomials\laba1\LAB1\main.cpp(99,21): warning C4566: character represented by universal-character-name '\u0438' cannot be represented in the current code page (1252)
C:\Users\vkutergi\source\Algebra_of_polinomials\laba1\LAB1\main.cpp(99,21): warning C4566: character represented by universal-character-name '\u0442' cannot be represented in the current code page (1252)
C:\Users\vkutergi\source\Algebra_of_polinomials\laba1\LAB1\main.cpp(99,21): warning C4566: character represented by universal-character-name '\u043F' cannot be represented in the current code page (1252)
C:\Users\vkutergi\source\Algebra_of_polinomials\laba1\LAB1\main.cpp(99,21): warning C4566: character represented by universal-character-name '\u0440' cannot be represented in the current code page (1252)
C:\Users\vkutergi\source\Algebra_of_polinomials\laba1\LAB1\main.cpp(99,21): warning C4566: character represented by universal-character-name '\u043C' cannot be represented in the current code page (1252)
C:\Users\vkutergi\source\Algebra_of_polinomials\laba1\LAB1\main.cpp(99,21): warning C4566: character represented by universal-character-name '\u043D' cannot be represented in the current code page (1252)
C:\Users\vkutergi\source\Algebra_of_polinomials\laba1\LAB1\main.cpp(99,21): warning C4566: character represented by universal-character-name '\u0443' cannot be represented in the current code page (1252)
C:\Users\vkutergi\source\Algebra_of_polinomials\laba1\LAB1\main.cpp(99,21): warning C4566: character represented by universal-character-name '\u044E' cannot be represented in the current code page (1252)
C:\Users\vkutergi\source\Algebra_of_polinomials\laba1\LAB1\main.cpp(99,21): warning C4566: character represented by universal-character-name '\u043B' cannot be represented in the current code page (1252)
C:\Users\vkutergi\source\Algebra_of_polinomials\laba1\LAB1\main.cpp(99,21): warning C4566: character represented by universal-character-name '\u043E' cannot be represented in the current code page (1252)
C:\Users\vkutergi\source\Algebra_of_polinomials\laba1\LAB1\main.cpp(99,21): warning C4566: character represented by universal-character-name '\u043A' cannot be represented in the current code page (1252)
C:\Users\vkutergi\source\Algebra_of_polinomials\laba1\LAB1\main.cpp(99,21): warning C4566: character represented by universal-character-name '\u0439' cannot be represented in the current code page (1252)
C:\Users\vkutergi\source\Algebra_of_polinomials\laba1\LAB1\main.cpp(99,21): warning C4566: character represented by universal-character-name '\u0431' cannot be represented in the current code page (1252)
C:\Users\vkutergi\source\Algebra_of_polinomials\laba1\LAB1\main.cpp(99,21): warning C4566: character represented by universal-character-name '\u0430' cannot be represented in the current code page (1252)
C:\Users\vkutergi\source\Algebra_of_polinomials\laba1\LAB1\main.cpp(99,21): warning C4566: character represented by universal-character-name '\u044C' cannot be represented in the current code page (1252)
C:\Users\vkutergi\source\Algebra_of_polinomials\laba1\LAB1\main.cpp(99,21): warning C4566: character represented by universal-character-name '\u0437' cannot be represented in the current code page (1252)
C:\Users\vkutergi\source\Algebra_of_polinomials\laba1\LAB1\main.cpp(103,25): warning C4566: character represented by universal-character-name '\u041F' cannot be represented in the current code page (1252)
C:\Users\vkutergi\source\Algebra_of_polinomials\laba1\LAB1\main.cpp(103,25): warning C4566: character represented by universal-character-name '\u043E' cannot be represented in the current code page (1252)
C:\Users\vkutergi\source\Algebra_of_polinomials\laba1\LAB1\main.cpp(103,25): warning C4566: character represented by universal-character-name '\u043B' cannot be represented in the current code page (1252)
C:\Users\vkutergi\source\Algebra_of_polinomials\laba1\LAB1\main.cpp(103,25): warning C4566: character represented by universal-character-name '\u0438' cannot be represented in the current code page (1252)
C:\Users\vkutergi\source\Algebra_of_polinomials\laba1\LAB1\main.cpp(103,25): warning C4566: character represented by universal-character-name '\u043D' cannot be represented in the current code page (1252)
C:\Users\vkutergi\source\Algebra_of_polinomials\laba1\LAB1\main.cpp(103,25): warning C4566: character represented by universal-character-name '\u043C' cannot be represented in the current code page (1252)
C:\Users\vkutergi\source\Algebra_of_polinomials\laba1\LAB1\main.cpp(103,25): warning C4566: character represented by universal-character-name '\u0441' cannot be represented in the current code page (1252)
C:\Users\vkutergi\source\Algebra_of_polinomials\laba1\LAB1\main.cpp(103,25): warning C4566: character represented by universal-character-name '\u0442' cannot be represented in the current code page (1252)
C:\Users\vkutergi\source\Algebra_of_polinomials\laba1\LAB1\main.cpp(103,25): warning C4566: character represented by universal-character-name '\u0430' cannot be represented in the current code page (1252)
C:\Users\vkutergi\source\Algebra_of_polinomials\laba1\LAB1\main.cpp(103,25): warning C4566: character represented by universal-character-name '\u043A' cannot be represented in the current code page (1252)
C:\Users\vkutergi\source\Algebra_of_polinomials\laba1\LAB1\main.cpp(103,25): warning C4566: character represented by universal-character-name '\u044E' cannot be represented in the current code page (1252)
C:\Users\vkutergi\source\Algebra_of_polinomials\laba1\LAB1\main.cpp(103,25): warning C4566: character represented by universal-character-name '\u0447' cannot be represented in the current code page (1252)
C:\Users\vkutergi\source\Algebra_of_polinomials\laba1\LAB1\main.cpp(103,25): warning C4566: character represented by universal-character-name '\u0435' cannot be represented in the current code page (1252)
C:\Users\vkutergi\source\Algebra_of_polinomials\laba1\LAB1\main.cpp(103,25): warning C4566: character represented by universal-character-name '\u0439' cannot be represented in the current code page (1252)
C:\Users\vkutergi\source\Algebra_of_polinomials\laba1\LAB1\main.cpp(103,25): warning C4566: character represented by universal-character-name '\u0434' cannot be represented in the current code page (1252)
C:\Users\vkutergi\source\Algebra_of_polinomials\laba1\LAB1\main.cpp(106,25): warning C4566: character represented by universal-character-name '\u041F' cannot be represented in the current code page (1252)
C:\Users\vkutergi\source\Algebra_of_polinomials\laba1\LAB1\main.cpp(106,25): warning C4566: character represented by universal-character-name '\u0440' cannot be represented in the current code page (1252)
C:\Users\vkutergi\source\Algebra_of_polinomials\laba1\LAB1\main.cpp(106,25): warning C4566: character represented by universal-character-name '\u043E' cannot be represented in the current code page (1252)
C:\Users\vkutergi\source\Algebra_of_polinomials\laba1\LAB1\main.cpp(106,25): warning C4566: character represented by universal-character-name '\u0438' cannot be represented in the current code page (1252)
C:\Users\vkutergi\source\Algebra_of_polinomials\laba1\LAB1\main.cpp(106,25): warning C4566: character represented by universal-character-name '\u0437' cannot be represented in the current code page (1252)
C:\Users\vkutergi\source\Algebra_of_polinomials\laba1\LAB1\main.cpp(106,25): warning C4566: character represented by universal-character-name '\u0432' cannot be represented in the current code page (1252)
C:\Users\vkutergi\source\Algebra_of_polinomials\laba1\LAB1\main.cpp(106,25): warning C4566: character represented by universal-character-name '\u0434' cannot be represented in the current code page (1252)
C:\Users\vkutergi\source\Algebra_of_polinomials\laba1\LAB1\main.cpp(106,25): warning C4566: character represented by universal-character-name '\u043D' cannot be represented in the current code page (1252)
C:\Users\vkutergi\source\Algebra_of_polinomials\laba1\LAB1\main.cpp(106,25): warning C4566: character represented by universal-character-name '\u0430' cannot be represented in the current code page (1252)
C:\Users\vkutergi\source\Algebra_of_polinomials\laba1\LAB1\main.cpp(106,25): warning C4566: character represented by universal-character-name '\u044F' cannot be represented in the current code page (1252)
C:\Users\vkutergi\source\Algebra_of_polinomials\laba1\LAB1\main.cpp(111,21): warning C4566: character represented by universal-character-name '\u0412' cannot be represented in the current code page (1252)
C:\Users\vkutergi\source\Algebra_of_polinomials\laba1\LAB1\main.cpp(111,21): warning C4566: character represented by universal-character-name '\u0432' cannot be represented in the current code page (1252)
C:\Users\vkutergi\source\Algebra_of_polinomials\laba1\LAB1\main.cpp(111,21): warning C4566: character represented by universal-character-name '\u0435' cannot be represented in the current code page (1252)
C:\Users\vkutergi\source\Algebra_of_polinomials\laba1\LAB1\main.cpp(111,21): warning C4566: character represented by universal-character-name '\u0434' cannot be represented in the current code page (1252)
C:\Users\vkutergi\source\Algebra_of_polinomials\laba1\LAB1\main.cpp(111,21): warning C4566: character represented by universal-character-name '\u0438' cannot be represented in the current code page (1252)
C:\Users\vkutergi\source\Algebra_of_polinomials\laba1\LAB1\main.cpp(111,21): warning C4566: character represented by universal-character-name '\u0442' cannot be represented in the current code page (1252)
C:\Users\vkutergi\source\Algebra_of_polinomials\laba1\LAB1\main.cpp(111,21): warning C4566: character represented by universal-character-name '\u043D' cannot be represented in the current code page (1252)
C:\Users\vkutergi\source\Algebra_of_polinomials\laba1\LAB1\main.cpp(111,21): warning C4566: character represented by universal-character-name '\u0430' cannot be represented in the current code page (1252)
C:\Users\vkutergi\source\Algebra_of_polinomials\laba1\LAB1\main.cpp(111,21): warning C4566: character represented by universal-character-name '\u0437' cannot be represented in the current code page (1252)
C:\Users\vkutergi\source\Algebra_of_polinomials\laba1\LAB1\main.cpp(111,21): warning C4566: character represented by universal-character-name '\u043F' cannot be represented in the current code page (1252)
C:\Users\vkutergi\source\Algebra_of_polinomials\laba1\LAB1\main.cpp(111,21): warning C4566: character represented by universal-character-name '\u043E' cannot be represented in the current code page (1252)
C:\Users\vkutergi\source\Algebra_of_polinomials\laba1\LAB1\main.cpp(111,21): warning C4566: character represented by universal-character-name '\u043B' cannot be represented in the current code page (1252)
C:\Users\vkutergi\source\Algebra_of_polinomials\laba1\LAB1\main.cpp(111,21): warning C4566: character represented by universal-character-name '\u043C' cannot be represented in the current code page (1252)
C:\Users\vkutergi\source\Algebra_of_polinomials\laba1\LAB1\main.cpp(114,21): warning C4566: character represented by universal-character-name '\u0412' cannot be represented in the current code page (1252)
C:\Users\vkutergi\source\Algebra_of_polinomials\laba1\LAB1\main.cpp(114,21): warning C4566: character represented by universal-character-name '\u0432' cannot be represented in the current code page (1252)
C:\Users\vkutergi\source\Algebra_of_polinomials\laba1\LAB1\main.cpp(114,21): warning C4566: character represented by universal-character-name '\u0435' cannot be represented in the current code page (1252)
C:\Users\vkutergi\source\Algebra_of_polinomials\laba1\LAB1\main.cpp(114,21): warning C4566: character represented by universal-character-name '\u0434' cannot be represented in the current code page (1252)
C:\Users\vkutergi\source\Algebra_of_polinomials\laba1\LAB1\main.cpp(114,21): warning C4566: character represented by universal-character-name '\u0438' cannot be represented in the current code page (1252)
C:\Users\vkutergi\source\Algebra_of_polinomials\laba1\LAB1\main.cpp(114,21): warning C4566: character represented by universal-character-name '\u0442' cannot be represented in the current code page (1252)
C:\Users\vkutergi\source\Algebra_of_polinomials\laba1\LAB1\main.cpp(114,21): warning C4566: character represented by universal-character-name '\u0437' cannot be represented in the current code page (1252)
C:\Users\vkutergi\source\Algebra_of_polinomials\laba1\LAB1\main.cpp(114,21): warning C4566: character represented by universal-character-name '\u043D' cannot be represented in the current code page (1252)
C:\Users\vkutergi\source\Algebra_of_polinomials\laba1\LAB1\main.cpp(114,21): warning C4566: character represented by universal-character-name '\u0430' cannot be represented in the current code page (1252)
C:\Users\vkutergi\source\Algebra_of_polinomials\laba1\LAB1\main.cpp(114,21): warning C4566: character represented by universal-character-name '\u0447' cannot be represented in the current code page (1252)
C:\Users\vkutergi\source\Algebra_of_polinomials\laba1\LAB1\main.cpp(114,21): warning C4566: character represented by universal-character-name '\u044F' cannot be represented in the current code page (1252)
C:\Users\vkutergi\source\Algebra_of_polinomials\laba1\LAB1\main.cpp(114,21): warning C4566: character represented by universal-character-name '\u0440' cannot be represented in the current code page (1252)
C:\Users\vkutergi\source\Algebra_of_polinomials\laba1\LAB1\main.cpp(114,21): warning C4566: character represented by universal-character-name '\u043F' cannot be represented in the current code page (1252)
C:\Users\vkutergi\source\Algebra_of_polinomials\laba1\LAB1\main.cpp(114,21): warning C4566: character represented by universal-character-name '\u043E' cannot be represented in the current code page (1252)
C:\Users\vkutergi\source\Algebra_of_polinomials\laba1\LAB1\main.cpp(114,21): warning C4566: character represented by universal-character-name '\u0431' cannot be represented in the current code page (1252)
C:\Users\vkutergi\source\Algebra_of_polinomials\laba1\LAB1\main.cpp(114,21): warning C4566: character represented by universal-character-name '\u043B' cannot be represented in the current code page (1252)
C:\Users\vkutergi\source\Algebra_of_polinomials\laba1\LAB1\main.cpp(118,25): warning C4566: character represented by universal-character-name '\u041F' cannot be represented in the current code page (1252)
C:\Users\vkutergi\source\Algebra_of_polinomials\laba1\LAB1\main.cpp(118,25): warning C4566: character represented by universal-character-name '\u043E' cannot be represented in the current code page (1252)
C:\Users\vkutergi\source\Algebra_of_polinomials\laba1\LAB1\main.cpp(118,25): warning C4566: character represented by universal-character-name '\u043B' cannot be represented in the current code page (1252)
C:\Users\vkutergi\source\Algebra_of_polinomials\laba1\LAB1\main.cpp(118,25): warning C4566: character represented by universal-character-name '\u0438' cannot be represented in the current code page (1252)
C:\Users\vkutergi\source\Algebra_of_polinomials\laba1\LAB1\main.cpp(118,25): warning C4566: character represented by universal-character-name '\u043D' cannot be represented in the current code page (1252)
C:\Users\vkutergi\source\Algebra_of_polinomials\laba1\LAB1\main.cpp(118,25): warning C4566: character represented by universal-character-name '\u043C' cannot be represented in the current code page (1252)
C:\Users\vkutergi\source\Algebra_of_polinomials\laba1\LAB1\main.cpp(118,25): warning C4566: character represented by universal-character-name '\u0441' cannot be represented in the current code page (1252)
C:\Users\vkutergi\source\Algebra_of_polinomials\laba1\LAB1\main.cpp(118,25): warning C4566: character represented by universal-character-name '\u0442' cannot be represented in the current code page (1252)
C:\Users\vkutergi\source\Algebra_of_polinomials\laba1\LAB1\main.cpp(118,25): warning C4566: character represented by universal-character-name '\u0430' cannot be represented in the current code page (1252)
C:\Users\vkutergi\source\Algebra_of_polinomials\laba1\LAB1\main.cpp(118,25): warning C4566: character represented by universal-character-name '\u043A' cannot be represented in the current code page (1252)
C:\Users\vkutergi\source\Algebra_of_polinomials\laba1\LAB1\main.cpp(118,25): warning C4566: character represented by universal-character-name '\u044E' cannot be represented in the current code page (1252)
C:\Users\vkutergi\source\Algebra_of_polinomials\laba1\LAB1\main.cpp(118,25): warning C4566: character represented by universal-character-name '\u0447' cannot be represented in the current code page (1252)
C:\Users\vkutergi\source\Algebra_of_polinomials\laba1\LAB1\main.cpp(118,25): warning C4566: character represented by universal-character-name '\u0435' cannot be represented in the current code page (1252)
C:\Users\vkutergi\source\Algebra_of_polinomials\laba1\LAB1\main.cpp(118,25): warning C4566: character represented by universal-character-name '\u0439' cannot be represented in the current code page (1252)
C:\Users\vkutergi\source\Algebra_of_polinomials\laba1\LAB1\main.cpp(118,25): warning C4566: character represented by universal-character-name '\u0434' cannot be represented in the current code page (1252)
C:\Users\vkutergi\source\Algebra_of_polinomials\laba1\LAB1\main.cpp(122,25): warning C4566: character represented by universal-character-name '\u0417' cannot be represented in the current code page (1252)
C:\Users\vkutergi\source\Algebra_of_polinomials\laba1\LAB1\main.cpp(122,25): warning C4566: character represented by universal-character-name '\u043D' cannot be represented in the current code page (1252)
C:\Users\vkutergi\source\Algebra_of_polinomials\laba1\LAB1\main.cpp(122,25): warning C4566: character represented by universal-character-name '\u0430' cannot be represented in the current code page (1252)
C:\Users\vkutergi\source\Algebra_of_polinomials\laba1\LAB1\main.cpp(122,25): warning C4566: character represented by universal-character-name '\u0447' cannot be represented in the current code page (1252)
C:\Users\vkutergi\source\Algebra_of_polinomials\laba1\LAB1\main.cpp(122,25): warning C4566: character represented by universal-character-name '\u0435' cannot be represented in the current code page (1252)
C:\Users\vkutergi\source\Algebra_of_polinomials\laba1\LAB1\main.cpp(122,25): warning C4566: character represented by universal-character-name '\u0438' cannot be represented in the current code page (1252)
C:\Users\vkutergi\source\Algebra_of_polinomials\laba1\LAB1\main.cpp(122,25): warning C4566: character represented by universal-character-name '\u043F' cannot be represented in the current code page (1252)
C:\Users\vkutergi\source\Algebra_of_polinomials\laba1\LAB1\main.cpp(122,25): warning C4566: character represented by universal-character-name '\u043E' cannot be represented in the current code page (1252)
C:\Users\vkutergi\source\Algebra_of_polinomials\laba1\LAB1\main.cpp(122,25): warning C4566: character represented by universal-character-name '\u043B' cannot be represented in the current code page (1252)
C:\Users\vkutergi\source\Algebra_of_polinomials\laba1\LAB1\main.cpp(122,25): warning C4566: character represented by universal-character-name '\u043C' cannot be represented in the current code page (1252)
C:\Users\vkutergi\source\Algebra_of_polinomials\laba1\LAB1\main.cpp(122,25): warning C4566: character represented by universal-character-name '\u0432' cannot be represented in the current code page (1252)
C:\Users\vkutergi\source\Algebra_of_polinomials\laba1\LAB1\main.cpp(122,25): warning C4566: character represented by universal-character-name '\u0442' cannot be represented in the current code page (1252)
C:\Users\vkutergi\source\Algebra_of_polinomials\laba1\LAB1\main.cpp(122,25): warning C4566: character represented by universal-character-name '\u043A' cannot be represented in the current code page (1252)
C:\Users\vkutergi\source\Algebra_of_polinomials\laba1\LAB1\main.cpp(127,21): warning C4566: character represented by universal-character-name '\u0417' cannot be represented in the current code page (1252)
C:\Users\vkutergi\source\Algebra_of_polinomials\laba1\LAB1\main.cpp(127,21): warning C4566: character represented by universal-character-name '\u0430' cannot be represented in the current code page (1252)
C:\Users\vkutergi\source\Algebra_of_polinomials\laba1\LAB1\main.cpp(127,21): warning C4566: character represented by universal-character-name '\u0432' cannot be represented in the current code page (1252)
C:\Users\vkutergi\source\Algebra_of_polinomials\laba1\LAB1\main.cpp(127,21): warning C4566: character represented by universal-character-name '\u0435' cannot be represented in the current code page (1252)
C:\Users\vkutergi\source\Algebra_of_polinomials\laba1\LAB1\main.cpp(127,21): warning C4566: character represented by universal-character-name '\u0440' cannot be represented in the current code page (1252)
C:\Users\vkutergi\source\Algebra_of_polinomials\laba1\LAB1\main.cpp(127,21): warning C4566: character represented by universal-character-name '\u0448' cannot be represented in the current code page (1252)
C:\Users\vkutergi\source\Algebra_of_polinomials\laba1\LAB1\main.cpp(127,21): warning C4566: character represented by universal-character-name '\u043D' cannot be represented in the current code page (1252)
C:\Users\vkutergi\source\Algebra_of_polinomials\laba1\LAB1\main.cpp(127,21): warning C4566: character represented by universal-character-name '\u0438' cannot be represented in the current code page (1252)
C:\Users\vkutergi\source\Algebra_of_polinomials\laba1\LAB1\main.cpp(127,21): warning C4566: character represented by universal-character-name '\u0431' cannot be represented in the current code page (1252)
C:\Users\vkutergi\source\Algebra_of_polinomials\laba1\LAB1\main.cpp(127,21): warning C4566: character represented by universal-character-name '\u043E' cannot be represented in the current code page (1252)
C:\Users\vkutergi\source\Algebra_of_polinomials\laba1\LAB1\main.cpp(127,21): warning C4566: character represented by universal-character-name '\u0442' cannot be represented in the current code page (1252)
C:\Users\vkutergi\source\Algebra_of_polinomials\laba1\LAB1\main.cpp(127,21): warning C4566: character represented by universal-character-name '\u044B' cannot be represented in the current code page (1252)
C:\Users\vkutergi\source\Algebra_of_polinomials\laba1\LAB1\main.cpp(132,21): warning C4566: character represented by universal-character-name '\u041D' cannot be represented in the current code page (1252)
C:\Users\vkutergi\source\Algebra_of_polinomials\laba1\LAB1\main.cpp(132,21): warning C4566: character represented by universal-character-name '\u0435' cannot be represented in the current code page (1252)
C:\Users\vkutergi\source\Algebra_of_polinomials\laba1\LAB1\main.cpp(132,21): warning C4566: character represented by universal-character-name '\u0432' cannot be represented in the current code page (1252)
C:\Users\vkutergi\source\Algebra_of_polinomials\laba1\LAB1\main.cpp(132,21): warning C4566: character represented by universal-character-name '\u0440' cannot be represented in the current code page (1252)
C:\Users\vkutergi\source\Algebra_of_polinomials\laba1\LAB1\main.cpp(132,21): warning C4566: character represented by universal-character-name '\u043D' cannot be represented in the current code page (1252)
C:\Users\vkutergi\source\Algebra_of_polinomials\laba1\LAB1\main.cpp(132,21): warning C4566: character represented by universal-character-name '\u044B' cannot be represented in the current code page (1252)
C:\Users\vkutergi\source\Algebra_of_polinomials\laba1\LAB1\main.cpp(132,21): warning C4566: character represented by universal-character-name '\u0439' cannot be represented in the current code page (1252)
C:\Users\vkutergi\source\Algebra_of_polinomials\laba1\LAB1\main.cpp(132,21): warning C4566: character represented by universal-character-name '\u043E' cannot be represented in the current code page (1252)
C:\Users\vkutergi\source\Algebra_of_polinomials\laba1\LAB1\main.cpp(132,21): warning C4566: character represented by universal-character-name '\u0434' cannot be represented in the current code page (1252)
C:\Users\vkutergi\source\Algebra_of_polinomials\laba1\LAB1\main.cpp(132,21): warning C4566: character represented by universal-character-name '\u041F' cannot be represented in the current code page (1252)
C:\Users\vkutergi\source\Algebra_of_polinomials\laba1\LAB1\main.cpp(132,21): warning C4566: character represented by universal-character-name '\u0442' cannot be represented in the current code page (1252)
C:\Users\vkutergi\source\Algebra_of_polinomials\laba1\LAB1\main.cpp(132,21): warning C4566: character represented by universal-character-name '\u0438' cannot be represented in the current code page (1252)
C:\Users\vkutergi\source\Algebra_of_polinomials\laba1\LAB1\main.cpp(132,21): warning C4566: character represented by universal-character-name '\u043F' cannot be represented in the current code page (1252)
C:\Users\vkutergi\source\Algebra_of_polinomials\laba1\LAB1\main.cpp(132,21): warning C4566: character represented by universal-character-name '\u043A' cannot be represented in the current code page (1252)
C:\Users\vkutergi\source\Algebra_of_polinomials\laba1\LAB1\main.cpp(132,21): warning C4566: character represented by universal-character-name '\u0443' cannot be represented in the current code page (1252)
  LAB1.vcxproj -> C:\Users\vkutergi\source\Algebra_of_polinomials\laba1\LAB1\ARM64\Debug\LAB1.exe
